Prueba de log alternativo
Prueba de log alternativo
ERROR: SQLSTATE[23000]: Integrity constraint violation: 1048 Column 'user_id' cannot be null (Connection: mysql, SQL: insert into `applications` (`job_id`, `user_id`, `cover_letter`, `resume`, `phone`, `email`, `status`, `experience`, `updated_at`, `created_at`) values (9, ?, f, ?, , , pending, f, 2025-07-03 14:57:11, 2025-07-03 14:57:11))
#0 C:\xampp\htdocs\jobbrige\backend\vendor\laravel\framework\src\Illuminate\Database\Connection.php(776): Illuminate\Database\Connection->runQueryCallback('insert into `ap...', Array, Object(Closure))
#1 C:\xampp\htdocs\jobbrige\backend\vendor\laravel\framework\src\Illuminate\Database\MySqlConnection.php(42): Illuminate\Database\Connection->run('insert into `ap...', Array, Object(Closure))
#2 C:\xampp\htdocs\jobbrige\backend\vendor\laravel\framework\src\Illuminate\Database\Query\Processors\MySqlProcessor.php(35): Illuminate\Database\MySqlConnection->insert('insert into `ap...', Array, 'id')
#3 C:\xampp\htdocs\jobbrige\backend\vendor\laravel\framework\src\Illuminate\Database\Query\Builder.php(3796): Illuminate\Database\Query\Processors\MySqlProcessor->processInsertGetId(Object(Illuminate\Database\Query\Builder), 'insert into `ap...', Array, 'id')
#4 C:\xampp\htdocs\jobbrige\backend\vendor\laravel\framework\src\Illuminate\Database\Eloquent\Builder.php(2205): Illuminate\Database\Query\Builder->insertGetId(Array, 'id')
#5 C:\xampp\htdocs\jobbrige\backend\vendor\laravel\framework\src\Illuminate\Database\Eloquent\Model.php(1410): Illuminate\Database\Eloquent\Builder->__call('insertGetId', Array)
#6 C:\xampp\htdocs\jobbrige\backend\vendor\laravel\framework\src\Illuminate\Database\Eloquent\Model.php(1375): Illuminate\Database\Eloquent\Model->insertAndSetId(Object(Illuminate\Database\Eloquent\Builder), Array)
#7 C:\xampp\htdocs\jobbrige\backend\vendor\laravel\framework\src\Illuminate\Database\Eloquent\Model.php(1214): Illuminate\Database\Eloquent\Model->performInsert(Object(Illuminate\Database\Eloquent\Builder))
#8 C:\xampp\htdocs\jobbrige\backend\vendor\laravel\framework\src\Illuminate\Database\Eloquent\Builder.php(1189): Illuminate\Database\Eloquent\Model->save()
#9 C:\xampp\htdocs\jobbrige\backend\vendor\laravel\framework\src\Illuminate\Support\helpers.php(399): Illuminate\Database\Eloquent\Builder->Illuminate\Database\Eloquent\{closure}(Object(App\Models\Application))
#10 C:\xampp\htdocs\jobbrige\backend\vendor\laravel\framework\src\Illuminate\Database\Eloquent\Builder.php(1188): tap(Object(App\Models\Application), Object(Closure))
#11 C:\xampp\htdocs\jobbrige\backend\vendor\laravel\framework\src\Illuminate\Support\Traits\ForwardsCalls.php(23): Illuminate\Database\Eloquent\Builder->create(Array)
#12 C:\xampp\htdocs\jobbrige\backend\vendor\laravel\framework\src\Illuminate\Database\Eloquent\Model.php(2496): Illuminate\Database\Eloquent\Model->forwardCallTo(Object(Illuminate\Database\Eloquent\Builder), 'create', Array)
#13 C:\xampp\htdocs\jobbrige\backend\vendor\laravel\framework\src\Illuminate\Database\Eloquent\Model.php(2512): Illuminate\Database\Eloquent\Model->__call('create', Array)
#14 C:\xampp\htdocs\jobbrige\backend\app\Http\Controllers\ApplicationController.php(39): Illuminate\Database\Eloquent\Model::__callStatic('create', Array)
#15 C:\xampp\htdocs\jobbrige\backend\vendor\laravel\framework\src\Illuminate\Routing\ControllerDispatcher.php(46): App\Http\Controllers\ApplicationController->store(Object(Illuminate\Http\Request))
#16 C:\xampp\htdocs\jobbrige\backend\vendor\laravel\framework\src\Illuminate\Routing\Route.php(265): Illuminate\Routing\ControllerDispatcher->dispatch(Object(Illuminate\Routing\Route), Object(App\Http\Controllers\ApplicationController), 'store')
#17 C:\xampp\htdocs\jobbrige\backend\vendor\laravel\framework\src\Illuminate\Routing\Route.php(211): Illuminate\Routing\Route->runController()
#18 C:\xampp\htdocs\jobbrige\backend\vendor\laravel\framework\src\Illuminate\Routing\Router.php(808): Illuminate\Routing\Route->run()
#19 C:\xampp\htdocs\jobbrige\backend\vendor\laravel\framework\src\Illuminate\Pipeline\Pipeline.php(169): Illuminate\Routing\Router->Illuminate\Routing\{closure}(Object(Illuminate\Http\Request))
#20 C:\xampp\htdocs\jobbrige\backend\vendor\laravel\framework\src\Illuminate\Routing\Middleware\SubstituteBindings.php(50): Illuminate\Pipeline\Pipeline->Illuminate\Pipeline\{closure}(Object(Illuminate\Http\Request))
#21 C:\xampp\htdocs\jobbrige\backend\vendor\laravel\framework\src\Illuminate\Pipeline\Pipeline.php(208): Illuminate\Routing\Middleware\SubstituteBindings->handle(Object(Illuminate\Http\Request), Object(Closure))
#22 C:\xampp\htdocs\jobbrige\backend\vendor\laravel\framework\src\Illuminate\Pipeline\Pipeline.php(126): Illuminate\Pipeline\Pipeline->Illuminate\Pipeline\{closure}(Object(Illuminate\Http\Request))
#23 C:\xampp\htdocs\jobbrige\backend\vendor\laravel\framework\src\Illuminate\Routing\Router.php(807): Illuminate\Pipeline\Pipeline->then(Object(Closure))
#24 C:\xampp\htdocs\jobbrige\backend\vendor\laravel\framework\src\Illuminate\Routing\Router.php(786): Illuminate\Routing\Router->runRouteWithinStack(Object(Illuminate\Routing\Route), Object(Illuminate\Http\Request))
#25 C:\xampp\htdocs\jobbrige\backend\vendor\laravel\framework\src\Illuminate\Routing\Router.php(750): Illuminate\Routing\Router->runRoute(Object(Illuminate\Http\Request), Object(Illuminate\Routing\Route))
#26 C:\xampp\htdocs\jobbrige\backend\vendor\laravel\framework\src\Illuminate\Routing\Router.php(739): Illuminate\Routing\Router->dispatchToRoute(Object(Illuminate\Http\Request))
#27 C:\xampp\htdocs\jobbrige\backend\vendor\laravel\framework\src\Illuminate\Foundation\Http\Kernel.php(200): Illuminate\Routing\Router->dispatch(Object(Illuminate\Http\Request))
#28 C:\xampp\htdocs\jobbrige\backend\vendor\laravel\framework\src\Illuminate\Pipeline\Pipeline.php(169): Illuminate\Foundation\Http\Kernel->Illuminate\Foundation\Http\{closure}(Object(Illuminate\Http\Request))
#29 C:\xampp\htdocs\jobbrige\backend\vendor\laravel\framework\src\Illuminate\Foundation\Http\Middleware\TransformsRequest.php(21): Illuminate\Pipeline\Pipeline->Illuminate\Pipeline\{closure}(Object(Illuminate\Http\Request))
#30 C:\xampp\htdocs\jobbrige\backend\vendor\laravel\framework\src\Illuminate\Foundation\Http\Middleware\ConvertEmptyStringsToNull.php(31): Illuminate\Foundation\Http\Middleware\TransformsRequest->handle(Object(Illuminate\Http\Request), Object(Closure))
#31 C:\xampp\htdocs\jobbrige\backend\vendor\laravel\framework\src\Illuminate\Pipeline\Pipeline.php(208): Illuminate\Foundation\Http\Middleware\ConvertEmptyStringsToNull->handle(Object(Illuminate\Http\Request), Object(Closure))
#32 C:\xampp\htdocs\jobbrige\backend\vendor\laravel\framework\src\Illuminate\Foundation\Http\Middleware\TransformsRequest.php(21): Illuminate\Pipeline\Pipeline->Illuminate\Pipeline\{closure}(Object(Illuminate\Http\Request))
#33 C:\xampp\htdocs\jobbrige\backend\vendor\laravel\framework\src\Illuminate\Foundation\Http\Middleware\TrimStrings.php(51): Illuminate\Foundation\Http\Middleware\TransformsRequest->handle(Object(Illuminate\Http\Request), Object(Closure))
#34 C:\xampp\htdocs\jobbrige\backend\vendor\laravel\framework\src\Illuminate\Pipeline\Pipeline.php(208): Illuminate\Foundation\Http\Middleware\TrimStrings->handle(Object(Illuminate\Http\Request), Object(Closure))
#35 C:\xampp\htdocs\jobbrige\backend\vendor\laravel\framework\src\Illuminate\Http\Middleware\ValidatePostSize.php(27): Illuminate\Pipeline\Pipeline->Illuminate\Pipeline\{closure}(Object(Illuminate\Http\Request))
#36 C:\xampp\htdocs\jobbrige\backend\vendor\laravel\framework\src\Illuminate\Pipeline\Pipeline.php(208): Illuminate\Http\Middleware\ValidatePostSize->handle(Object(Illuminate\Http\Request), Object(Closure))
#37 C:\xampp\htdocs\jobbrige\backend\vendor\laravel\framework\src\Illuminate\Foundation\Http\Middleware\PreventRequestsDuringMaintenance.php(109): Illuminate\Pipeline\Pipeline->Illuminate\Pipeline\{closure}(Object(Illuminate\Http\Request))
#38 C:\xampp\htdocs\jobbrige\backend\vendor\laravel\framework\src\Illuminate\Pipeline\Pipeline.php(208): Illuminate\Foundation\Http\Middleware\PreventRequestsDuringMaintenance->handle(Object(Illuminate\Http\Request), Object(Closure))
#39 C:\xampp\htdocs\jobbrige\backend\vendor\laravel\framework\src\Illuminate\Http\Middleware\HandleCors.php(61): Illuminate\Pipeline\Pipeline->Illuminate\Pipeline\{closure}(Object(Illuminate\Http\Request))
#40 C:\xampp\htdocs\jobbrige\backend\vendor\laravel\framework\src\Illuminate\Pipeline\Pipeline.php(208): Illuminate\Http\Middleware\HandleCors->handle(Object(Illuminate\Http\Request), Object(Closure))
#41 C:\xampp\htdocs\jobbrige\backend\vendor\laravel\framework\src\Illuminate\Http\Middleware\TrustProxies.php(58): Illuminate\Pipeline\Pipeline->Illuminate\Pipeline\{closure}(Object(Illuminate\Http\Request))
#42 C:\xampp\htdocs\jobbrige\backend\vendor\laravel\framework\src\Illuminate\Pipeline\Pipeline.php(208): Illuminate\Http\Middleware\TrustProxies->handle(Object(Illuminate\Http\Request), Object(Closure))
#43 C:\xampp\htdocs\jobbrige\backend\vendor\laravel\framework\src\Illuminate\Foundation\Http\Middleware\InvokeDeferredCallbacks.php(22): Illuminate\Pipeline\Pipeline->Illuminate\Pipeline\{closure}(Object(Illuminate\Http\Request))
#44 C:\xampp\htdocs\jobbrige\backend\vendor\laravel\framework\src\Illuminate\Pipeline\Pipeline.php(208): Illuminate\Foundation\Http\Middleware\InvokeDeferredCallbacks->handle(Object(Illuminate\Http\Request), Object(Closure))
#45 C:\xampp\htdocs\jobbrige\backend\vendor\laravel\framework\src\Illuminate\Http\Middleware\ValidatePathEncoding.php(26): Illuminate\Pipeline\Pipeline->Illuminate\Pipeline\{closure}(Object(Illuminate\Http\Request))
#46 C:\xampp\htdocs\jobbrige\backend\vendor\laravel\framework\src\Illuminate\Pipeline\Pipeline.php(208): Illuminate\Http\Middleware\ValidatePathEncoding->handle(Object(Illuminate\Http\Request), Object(Closure))
#47 C:\xampp\htdocs\jobbrige\backend\vendor\laravel\framework\src\Illuminate\Pipeline\Pipeline.php(126): Illuminate\Pipeline\Pipeline->Illuminate\Pipeline\{closure}(Object(Illuminate\Http\Request))
#48 C:\xampp\htdocs\jobbrige\backend\vendor\laravel\framework\src\Illuminate\Foundation\Http\Kernel.php(175): Illuminate\Pipeline\Pipeline->then(Object(Closure))
#49 C:\xampp\htdocs\jobbrige\backend\vendor\laravel\framework\src\Illuminate\Foundation\Http\Kernel.php(144): Illuminate\Foundation\Http\Kernel->sendRequestThroughRouter(Object(Illuminate\Http\Request))
#50 C:\xampp\htdocs\jobbrige\backend\vendor\laravel\framework\src\Illuminate\Foundation\Application.php(1219): Illuminate\Foundation\Http\Kernel->handle(Object(Illuminate\Http\Request))
#51 C:\xampp\htdocs\jobbrige\backend\public\index.php(20): Illuminate\Foundation\Application->handleRequest(Object(Illuminate\Http\Request))
#52 {main}
Prueba de log alternativo
ERROR: SQLSTATE[23000]: Integrity constraint violation: 1048 Column 'resume' cannot be null (Connection: mysql, SQL: insert into `applications` (`job_id`, `user_id`, `cover_letter`, `resume`, `phone`, `email`, `status`, `experience`, `updated_at`, `created_at`) values (9, 7, f, ?, , mateovera9804@gmail.com, pending, f, 2025-07-03 15:01:32, 2025-07-03 15:01:32))
#0 C:\xampp\htdocs\jobbrige\backend\vendor\laravel\framework\src\Illuminate\Database\Connection.php(776): Illuminate\Database\Connection->runQueryCallback('insert into `ap...', Array, Object(Closure))
#1 C:\xampp\htdocs\jobbrige\backend\vendor\laravel\framework\src\Illuminate\Database\MySqlConnection.php(42): Illuminate\Database\Connection->run('insert into `ap...', Array, Object(Closure))
#2 C:\xampp\htdocs\jobbrige\backend\vendor\laravel\framework\src\Illuminate\Database\Query\Processors\MySqlProcessor.php(35): Illuminate\Database\MySqlConnection->insert('insert into `ap...', Array, 'id')
#3 C:\xampp\htdocs\jobbrige\backend\vendor\laravel\framework\src\Illuminate\Database\Query\Builder.php(3796): Illuminate\Database\Query\Processors\MySqlProcessor->processInsertGetId(Object(Illuminate\Database\Query\Builder), 'insert into `ap...', Array, 'id')
#4 C:\xampp\htdocs\jobbrige\backend\vendor\laravel\framework\src\Illuminate\Database\Eloquent\Builder.php(2205): Illuminate\Database\Query\Builder->insertGetId(Array, 'id')
#5 C:\xampp\htdocs\jobbrige\backend\vendor\laravel\framework\src\Illuminate\Database\Eloquent\Model.php(1410): Illuminate\Database\Eloquent\Builder->__call('insertGetId', Array)
#6 C:\xampp\htdocs\jobbrige\backend\vendor\laravel\framework\src\Illuminate\Database\Eloquent\Model.php(1375): Illuminate\Database\Eloquent\Model->insertAndSetId(Object(Illuminate\Database\Eloquent\Builder), Array)
#7 C:\xampp\htdocs\jobbrige\backend\vendor\laravel\framework\src\Illuminate\Database\Eloquent\Model.php(1214): Illuminate\Database\Eloquent\Model->performInsert(Object(Illuminate\Database\Eloquent\Builder))
#8 C:\xampp\htdocs\jobbrige\backend\vendor\laravel\framework\src\Illuminate\Database\Eloquent\Builder.php(1189): Illuminate\Database\Eloquent\Model->save()
#9 C:\xampp\htdocs\jobbrige\backend\vendor\laravel\framework\src\Illuminate\Support\helpers.php(399): Illuminate\Database\Eloquent\Builder->Illuminate\Database\Eloquent\{closure}(Object(App\Models\Application))
#10 C:\xampp\htdocs\jobbrige\backend\vendor\laravel\framework\src\Illuminate\Database\Eloquent\Builder.php(1188): tap(Object(App\Models\Application), Object(Closure))
#11 C:\xampp\htdocs\jobbrige\backend\vendor\laravel\framework\src\Illuminate\Support\Traits\ForwardsCalls.php(23): Illuminate\Database\Eloquent\Builder->create(Array)
#12 C:\xampp\htdocs\jobbrige\backend\vendor\laravel\framework\src\Illuminate\Database\Eloquent\Model.php(2496): Illuminate\Database\Eloquent\Model->forwardCallTo(Object(Illuminate\Database\Eloquent\Builder), 'create', Array)
#13 C:\xampp\htdocs\jobbrige\backend\vendor\laravel\framework\src\Illuminate\Database\Eloquent\Model.php(2512): Illuminate\Database\Eloquent\Model->__call('create', Array)
#14 C:\xampp\htdocs\jobbrige\backend\app\Http\Controllers\ApplicationController.php(39): Illuminate\Database\Eloquent\Model::__callStatic('create', Array)
#15 C:\xampp\htdocs\jobbrige\backend\vendor\laravel\framework\src\Illuminate\Routing\ControllerDispatcher.php(46): App\Http\Controllers\ApplicationController->store(Object(Illuminate\Http\Request))
#16 C:\xampp\htdocs\jobbrige\backend\vendor\laravel\framework\src\Illuminate\Routing\Route.php(265): Illuminate\Routing\ControllerDispatcher->dispatch(Object(Illuminate\Routing\Route), Object(App\Http\Controllers\ApplicationController), 'store')
#17 C:\xampp\htdocs\jobbrige\backend\vendor\laravel\framework\src\Illuminate\Routing\Route.php(211): Illuminate\Routing\Route->runController()
#18 C:\xampp\htdocs\jobbrige\backend\vendor\laravel\framework\src\Illuminate\Routing\Router.php(808): Illuminate\Routing\Route->run()
#19 C:\xampp\htdocs\jobbrige\backend\vendor\laravel\framework\src\Illuminate\Pipeline\Pipeline.php(169): Illuminate\Routing\Router->Illuminate\Routing\{closure}(Object(Illuminate\Http\Request))
#20 C:\xampp\htdocs\jobbrige\backend\vendor\laravel\framework\src\Illuminate\Routing\Middleware\SubstituteBindings.php(50): Illuminate\Pipeline\Pipeline->Illuminate\Pipeline\{closure}(Object(Illuminate\Http\Request))
#21 C:\xampp\htdocs\jobbrige\backend\vendor\laravel\framework\src\Illuminate\Pipeline\Pipeline.php(208): Illuminate\Routing\Middleware\SubstituteBindings->handle(Object(Illuminate\Http\Request), Object(Closure))
#22 C:\xampp\htdocs\jobbrige\backend\vendor\laravel\framework\src\Illuminate\Auth\Middleware\Authenticate.php(63): Illuminate\Pipeline\Pipeline->Illuminate\Pipeline\{closure}(Object(Illuminate\Http\Request))
#23 C:\xampp\htdocs\jobbrige\backend\vendor\laravel\framework\src\Illuminate\Pipeline\Pipeline.php(208): Illuminate\Auth\Middleware\Authenticate->handle(Object(Illuminate\Http\Request), Object(Closure), 'sanctum')
#24 C:\xampp\htdocs\jobbrige\backend\vendor\laravel\framework\src\Illuminate\Pipeline\Pipeline.php(126): Illuminate\Pipeline\Pipeline->Illuminate\Pipeline\{closure}(Object(Illuminate\Http\Request))
#25 C:\xampp\htdocs\jobbrige\backend\vendor\laravel\framework\src\Illuminate\Routing\Router.php(807): Illuminate\Pipeline\Pipeline->then(Object(Closure))
#26 C:\xampp\htdocs\jobbrige\backend\vendor\laravel\framework\src\Illuminate\Routing\Router.php(786): Illuminate\Routing\Router->runRouteWithinStack(Object(Illuminate\Routing\Route), Object(Illuminate\Http\Request))
#27 C:\xampp\htdocs\jobbrige\backend\vendor\laravel\framework\src\Illuminate\Routing\Router.php(750): Illuminate\Routing\Router->runRoute(Object(Illuminate\Http\Request), Object(Illuminate\Routing\Route))
#28 C:\xampp\htdocs\jobbrige\backend\vendor\laravel\framework\src\Illuminate\Routing\Router.php(739): Illuminate\Routing\Router->dispatchToRoute(Object(Illuminate\Http\Request))
#29 C:\xampp\htdocs\jobbrige\backend\vendor\laravel\framework\src\Illuminate\Foundation\Http\Kernel.php(200): Illuminate\Routing\Router->dispatch(Object(Illuminate\Http\Request))
#30 C:\xampp\htdocs\jobbrige\backend\vendor\laravel\framework\src\Illuminate\Pipeline\Pipeline.php(169): Illuminate\Foundation\Http\Kernel->Illuminate\Foundation\Http\{closure}(Object(Illuminate\Http\Request))
#31 C:\xampp\htdocs\jobbrige\backend\vendor\laravel\framework\src\Illuminate\Foundation\Http\Middleware\TransformsRequest.php(21): Illuminate\Pipeline\Pipeline->Illuminate\Pipeline\{closure}(Object(Illuminate\Http\Request))
#32 C:\xampp\htdocs\jobbrige\backend\vendor\laravel\framework\src\Illuminate\Foundation\Http\Middleware\ConvertEmptyStringsToNull.php(31): Illuminate\Foundation\Http\Middleware\TransformsRequest->handle(Object(Illuminate\Http\Request), Object(Closure))
#33 C:\xampp\htdocs\jobbrige\backend\vendor\laravel\framework\src\Illuminate\Pipeline\Pipeline.php(208): Illuminate\Foundation\Http\Middleware\ConvertEmptyStringsToNull->handle(Object(Illuminate\Http\Request), Object(Closure))
#34 C:\xampp\htdocs\jobbrige\backend\vendor\laravel\framework\src\Illuminate\Foundation\Http\Middleware\TransformsRequest.php(21): Illuminate\Pipeline\Pipeline->Illuminate\Pipeline\{closure}(Object(Illuminate\Http\Request))
#35 C:\xampp\htdocs\jobbrige\backend\vendor\laravel\framework\src\Illuminate\Foundation\Http\Middleware\TrimStrings.php(51): Illuminate\Foundation\Http\Middleware\TransformsRequest->handle(Object(Illuminate\Http\Request), Object(Closure))
#36 C:\xampp\htdocs\jobbrige\backend\vendor\laravel\framework\src\Illuminate\Pipeline\Pipeline.php(208): Illuminate\Foundation\Http\Middleware\TrimStrings->handle(Object(Illuminate\Http\Request), Object(Closure))
#37 C:\xampp\htdocs\jobbrige\backend\vendor\laravel\framework\src\Illuminate\Http\Middleware\ValidatePostSize.php(27): Illuminate\Pipeline\Pipeline->Illuminate\Pipeline\{closure}(Object(Illuminate\Http\Request))
#38 C:\xampp\htdocs\jobbrige\backend\vendor\laravel\framework\src\Illuminate\Pipeline\Pipeline.php(208): Illuminate\Http\Middleware\ValidatePostSize->handle(Object(Illuminate\Http\Request), Object(Closure))
#39 C:\xampp\htdocs\jobbrige\backend\vendor\laravel\framework\src\Illuminate\Foundation\Http\Middleware\PreventRequestsDuringMaintenance.php(109): Illuminate\Pipeline\Pipeline->Illuminate\Pipeline\{closure}(Object(Illuminate\Http\Request))
#40 C:\xampp\htdocs\jobbrige\backend\vendor\laravel\framework\src\Illuminate\Pipeline\Pipeline.php(208): Illuminate\Foundation\Http\Middleware\PreventRequestsDuringMaintenance->handle(Object(Illuminate\Http\Request), Object(Closure))
#41 C:\xampp\htdocs\jobbrige\backend\vendor\laravel\framework\src\Illuminate\Http\Middleware\HandleCors.php(61): Illuminate\Pipeline\Pipeline->Illuminate\Pipeline\{closure}(Object(Illuminate\Http\Request))
#42 C:\xampp\htdocs\jobbrige\backend\vendor\laravel\framework\src\Illuminate\Pipeline\Pipeline.php(208): Illuminate\Http\Middleware\HandleCors->handle(Object(Illuminate\Http\Request), Object(Closure))
#43 C:\xampp\htdocs\jobbrige\backend\vendor\laravel\framework\src\Illuminate\Http\Middleware\TrustProxies.php(58): Illuminate\Pipeline\Pipeline->Illuminate\Pipeline\{closure}(Object(Illuminate\Http\Request))
#44 C:\xampp\htdocs\jobbrige\backend\vendor\laravel\framework\src\Illuminate\Pipeline\Pipeline.php(208): Illuminate\Http\Middleware\TrustProxies->handle(Object(Illuminate\Http\Request), Object(Closure))
#45 C:\xampp\htdocs\jobbrige\backend\vendor\laravel\framework\src\Illuminate\Foundation\Http\Middleware\InvokeDeferredCallbacks.php(22): Illuminate\Pipeline\Pipeline->Illuminate\Pipeline\{closure}(Object(Illuminate\Http\Request))
#46 C:\xampp\htdocs\jobbrige\backend\vendor\laravel\framework\src\Illuminate\Pipeline\Pipeline.php(208): Illuminate\Foundation\Http\Middleware\InvokeDeferredCallbacks->handle(Object(Illuminate\Http\Request), Object(Closure))
#47 C:\xampp\htdocs\jobbrige\backend\vendor\laravel\framework\src\Illuminate\Http\Middleware\ValidatePathEncoding.php(26): Illuminate\Pipeline\Pipeline->Illuminate\Pipeline\{closure}(Object(Illuminate\Http\Request))
#48 C:\xampp\htdocs\jobbrige\backend\vendor\laravel\framework\src\Illuminate\Pipeline\Pipeline.php(208): Illuminate\Http\Middleware\ValidatePathEncoding->handle(Object(Illuminate\Http\Request), Object(Closure))
#49 C:\xampp\htdocs\jobbrige\backend\vendor\laravel\framework\src\Illuminate\Pipeline\Pipeline.php(126): Illuminate\Pipeline\Pipeline->Illuminate\Pipeline\{closure}(Object(Illuminate\Http\Request))
#50 C:\xampp\htdocs\jobbrige\backend\vendor\laravel\framework\src\Illuminate\Foundation\Http\Kernel.php(175): Illuminate\Pipeline\Pipeline->then(Object(Closure))
#51 C:\xampp\htdocs\jobbrige\backend\vendor\laravel\framework\src\Illuminate\Foundation\Http\Kernel.php(144): Illuminate\Foundation\Http\Kernel->sendRequestThroughRouter(Object(Illuminate\Http\Request))
#52 C:\xampp\htdocs\jobbrige\backend\vendor\laravel\framework\src\Illuminate\Foundation\Application.php(1219): Illuminate\Foundation\Http\Kernel->handle(Object(Illuminate\Http\Request))
#53 C:\xampp\htdocs\jobbrige\backend\public\index.php(20): Illuminate\Foundation\Application->handleRequest(Object(Illuminate\Http\Request))
#54 {main}
Prueba de log alternativo
Prueba de log alternativo
Prueba de log alternativo
Prueba de log alternativo
Prueba de log alternativo
Prueba de log alternativo
Prueba de log alternativo
Prueba de log alternativo
Prueba de log alternativo
ERROR: SQLSTATE[23000]: Integrity constraint violation: 1048 Column 'resume' cannot be null (Connection: mysql, SQL: insert into `applications` (`job_id`, `user_id`, `cover_letter`, `resume`, `phone`, `email`, `status`, `experience`, `updated_at`, `created_at`) values (1, 8, soy tatatatatata, ?, , tomas@gmail.com, pending, tsdtsd, 2025-11-23 00:15:09, 2025-11-23 00:15:09))
#0 C:\xampp\htdocs\jobbrige\backend\vendor\laravel\framework\src\Illuminate\Database\Connection.php(776): Illuminate\Database\Connection->runQueryCallback('insert into `ap...', Array, Object(Closure))
#1 C:\xampp\htdocs\jobbrige\backend\vendor\laravel\framework\src\Illuminate\Database\MySqlConnection.php(42): Illuminate\Database\Connection->run('insert into `ap...', Array, Object(Closure))
#2 C:\xampp\htdocs\jobbrige\backend\vendor\laravel\framework\src\Illuminate\Database\Query\Processors\MySqlProcessor.php(35): Illuminate\Database\MySqlConnection->insert('insert into `ap...', Array, 'id')
#3 C:\xampp\htdocs\jobbrige\backend\vendor\laravel\framework\src\Illuminate\Database\Query\Builder.php(3796): Illuminate\Database\Query\Processors\MySqlProcessor->processInsertGetId(Object(Illuminate\Database\Query\Builder), 'insert into `ap...', Array, 'id')
#4 C:\xampp\htdocs\jobbrige\backend\vendor\laravel\framework\src\Illuminate\Database\Eloquent\Builder.php(2205): Illuminate\Database\Query\Builder->insertGetId(Array, 'id')
#5 C:\xampp\htdocs\jobbrige\backend\vendor\laravel\framework\src\Illuminate\Database\Eloquent\Model.php(1410): Illuminate\Database\Eloquent\Builder->__call('insertGetId', Array)
#6 C:\xampp\htdocs\jobbrige\backend\vendor\laravel\framework\src\Illuminate\Database\Eloquent\Model.php(1375): Illuminate\Database\Eloquent\Model->insertAndSetId(Object(Illuminate\Database\Eloquent\Builder), Array)
#7 C:\xampp\htdocs\jobbrige\backend\vendor\laravel\framework\src\Illuminate\Database\Eloquent\Model.php(1214): Illuminate\Database\Eloquent\Model->performInsert(Object(Illuminate\Database\Eloquent\Builder))
#8 C:\xampp\htdocs\jobbrige\backend\vendor\laravel\framework\src\Illuminate\Database\Eloquent\Builder.php(1189): Illuminate\Database\Eloquent\Model->save()
#9 C:\xampp\htdocs\jobbrige\backend\vendor\laravel\framework\src\Illuminate\Support\helpers.php(399): Illuminate\Database\Eloquent\Builder->Illuminate\Database\Eloquent\{closure}(Object(App\Models\Application))
#10 C:\xampp\htdocs\jobbrige\backend\vendor\laravel\framework\src\Illuminate\Database\Eloquent\Builder.php(1188): tap(Object(App\Models\Application), Object(Closure))
#11 C:\xampp\htdocs\jobbrige\backend\vendor\laravel\framework\src\Illuminate\Support\Traits\ForwardsCalls.php(23): Illuminate\Database\Eloquent\Builder->create(Array)
#12 C:\xampp\htdocs\jobbrige\backend\vendor\laravel\framework\src\Illuminate\Database\Eloquent\Model.php(2496): Illuminate\Database\Eloquent\Model->forwardCallTo(Object(Illuminate\Database\Eloquent\Builder), 'create', Array)
#13 C:\xampp\htdocs\jobbrige\backend\vendor\laravel\framework\src\Illuminate\Database\Eloquent\Model.php(2512): Illuminate\Database\Eloquent\Model->__call('create', Array)
#14 C:\xampp\htdocs\jobbrige\backend\app\Http\Controllers\ApplicationController.php(78): Illuminate\Database\Eloquent\Model::__callStatic('create', Array)
#15 C:\xampp\htdocs\jobbrige\backend\vendor\laravel\framework\src\Illuminate\Routing\ControllerDispatcher.php(46): App\Http\Controllers\ApplicationController->store(Object(Illuminate\Http\Request))
#16 C:\xampp\htdocs\jobbrige\backend\vendor\laravel\framework\src\Illuminate\Routing\Route.php(265): Illuminate\Routing\ControllerDispatcher->dispatch(Object(Illuminate\Routing\Route), Object(App\Http\Controllers\ApplicationController), 'store')
#17 C:\xampp\htdocs\jobbrige\backend\vendor\laravel\framework\src\Illuminate\Routing\Route.php(211): Illuminate\Routing\Route->runController()
#18 C:\xampp\htdocs\jobbrige\backend\vendor\laravel\framework\src\Illuminate\Routing\Router.php(808): Illuminate\Routing\Route->run()
#19 C:\xampp\htdocs\jobbrige\backend\vendor\laravel\framework\src\Illuminate\Pipeline\Pipeline.php(169): Illuminate\Routing\Router->Illuminate\Routing\{closure}(Object(Illuminate\Http\Request))
#20 C:\xampp\htdocs\jobbrige\backend\vendor\laravel\framework\src\Illuminate\Routing\Middleware\SubstituteBindings.php(50): Illuminate\Pipeline\Pipeline->Illuminate\Pipeline\{closure}(Object(Illuminate\Http\Request))
#21 C:\xampp\htdocs\jobbrige\backend\vendor\laravel\framework\src\Illuminate\Pipeline\Pipeline.php(208): Illuminate\Routing\Middleware\SubstituteBindings->handle(Object(Illuminate\Http\Request), Object(Closure))
#22 C:\xampp\htdocs\jobbrige\backend\vendor\laravel\framework\src\Illuminate\Auth\Middleware\Authenticate.php(63): Illuminate\Pipeline\Pipeline->Illuminate\Pipeline\{closure}(Object(Illuminate\Http\Request))
#23 C:\xampp\htdocs\jobbrige\backend\vendor\laravel\framework\src\Illuminate\Pipeline\Pipeline.php(208): Illuminate\Auth\Middleware\Authenticate->handle(Object(Illuminate\Http\Request), Object(Closure), 'sanctum')
#24 C:\xampp\htdocs\jobbrige\backend\vendor\laravel\framework\src\Illuminate\Pipeline\Pipeline.php(126): Illuminate\Pipeline\Pipeline->Illuminate\Pipeline\{closure}(Object(Illuminate\Http\Request))
#25 C:\xampp\htdocs\jobbrige\backend\vendor\laravel\framework\src\Illuminate\Routing\Router.php(807): Illuminate\Pipeline\Pipeline->then(Object(Closure))
#26 C:\xampp\htdocs\jobbrige\backend\vendor\laravel\framework\src\Illuminate\Routing\Router.php(786): Illuminate\Routing\Router->runRouteWithinStack(Object(Illuminate\Routing\Route), Object(Illuminate\Http\Request))
#27 C:\xampp\htdocs\jobbrige\backend\vendor\laravel\framework\src\Illuminate\Routing\Router.php(750): Illuminate\Routing\Router->runRoute(Object(Illuminate\Http\Request), Object(Illuminate\Routing\Route))
#28 C:\xampp\htdocs\jobbrige\backend\vendor\laravel\framework\src\Illuminate\Routing\Router.php(739): Illuminate\Routing\Router->dispatchToRoute(Object(Illuminate\Http\Request))
#29 C:\xampp\htdocs\jobbrige\backend\vendor\laravel\framework\src\Illuminate\Foundation\Http\Kernel.php(200): Illuminate\Routing\Router->dispatch(Object(Illuminate\Http\Request))
#30 C:\xampp\htdocs\jobbrige\backend\vendor\laravel\framework\src\Illuminate\Pipeline\Pipeline.php(169): Illuminate\Foundation\Http\Kernel->Illuminate\Foundation\Http\{closure}(Object(Illuminate\Http\Request))
#31 C:\xampp\htdocs\jobbrige\backend\vendor\laravel\framework\src\Illuminate\Foundation\Http\Middleware\TransformsRequest.php(21): Illuminate\Pipeline\Pipeline->Illuminate\Pipeline\{closure}(Object(Illuminate\Http\Request))
#32 C:\xampp\htdocs\jobbrige\backend\vendor\laravel\framework\src\Illuminate\Foundation\Http\Middleware\ConvertEmptyStringsToNull.php(31): Illuminate\Foundation\Http\Middleware\TransformsRequest->handle(Object(Illuminate\Http\Request), Object(Closure))
#33 C:\xampp\htdocs\jobbrige\backend\vendor\laravel\framework\src\Illuminate\Pipeline\Pipeline.php(208): Illuminate\Foundation\Http\Middleware\ConvertEmptyStringsToNull->handle(Object(Illuminate\Http\Request), Object(Closure))
#34 C:\xampp\htdocs\jobbrige\backend\vendor\laravel\framework\src\Illuminate\Foundation\Http\Middleware\TransformsRequest.php(21): Illuminate\Pipeline\Pipeline->Illuminate\Pipeline\{closure}(Object(Illuminate\Http\Request))
#35 C:\xampp\htdocs\jobbrige\backend\vendor\laravel\framework\src\Illuminate\Foundation\Http\Middleware\TrimStrings.php(51): Illuminate\Foundation\Http\Middleware\TransformsRequest->handle(Object(Illuminate\Http\Request), Object(Closure))
#36 C:\xampp\htdocs\jobbrige\backend\vendor\laravel\framework\src\Illuminate\Pipeline\Pipeline.php(208): Illuminate\Foundation\Http\Middleware\TrimStrings->handle(Object(Illuminate\Http\Request), Object(Closure))
#37 C:\xampp\htdocs\jobbrige\backend\vendor\laravel\framework\src\Illuminate\Http\Middleware\ValidatePostSize.php(27): Illuminate\Pipeline\Pipeline->Illuminate\Pipeline\{closure}(Object(Illuminate\Http\Request))
#38 C:\xampp\htdocs\jobbrige\backend\vendor\laravel\framework\src\Illuminate\Pipeline\Pipeline.php(208): Illuminate\Http\Middleware\ValidatePostSize->handle(Object(Illuminate\Http\Request), Object(Closure))
#39 C:\xampp\htdocs\jobbrige\backend\vendor\laravel\framework\src\Illuminate\Foundation\Http\Middleware\PreventRequestsDuringMaintenance.php(109): Illuminate\Pipeline\Pipeline->Illuminate\Pipeline\{closure}(Object(Illuminate\Http\Request))
#40 C:\xampp\htdocs\jobbrige\backend\vendor\laravel\framework\src\Illuminate\Pipeline\Pipeline.php(208): Illuminate\Foundation\Http\Middleware\PreventRequestsDuringMaintenance->handle(Object(Illuminate\Http\Request), Object(Closure))
#41 C:\xampp\htdocs\jobbrige\backend\vendor\laravel\framework\src\Illuminate\Http\Middleware\HandleCors.php(61): Illuminate\Pipeline\Pipeline->Illuminate\Pipeline\{closure}(Object(Illuminate\Http\Request))
#42 C:\xampp\htdocs\jobbrige\backend\vendor\laravel\framework\src\Illuminate\Pipeline\Pipeline.php(208): Illuminate\Http\Middleware\HandleCors->handle(Object(Illuminate\Http\Request), Object(Closure))
#43 C:\xampp\htdocs\jobbrige\backend\vendor\laravel\framework\src\Illuminate\Http\Middleware\TrustProxies.php(58): Illuminate\Pipeline\Pipeline->Illuminate\Pipeline\{closure}(Object(Illuminate\Http\Request))
#44 C:\xampp\htdocs\jobbrige\backend\vendor\laravel\framework\src\Illuminate\Pipeline\Pipeline.php(208): Illuminate\Http\Middleware\TrustProxies->handle(Object(Illuminate\Http\Request), Object(Closure))
#45 C:\xampp\htdocs\jobbrige\backend\vendor\laravel\framework\src\Illuminate\Foundation\Http\Middleware\InvokeDeferredCallbacks.php(22): Illuminate\Pipeline\Pipeline->Illuminate\Pipeline\{closure}(Object(Illuminate\Http\Request))
#46 C:\xampp\htdocs\jobbrige\backend\vendor\laravel\framework\src\Illuminate\Pipeline\Pipeline.php(208): Illuminate\Foundation\Http\Middleware\InvokeDeferredCallbacks->handle(Object(Illuminate\Http\Request), Object(Closure))
#47 C:\xampp\htdocs\jobbrige\backend\vendor\laravel\framework\src\Illuminate\Http\Middleware\ValidatePathEncoding.php(26): Illuminate\Pipeline\Pipeline->Illuminate\Pipeline\{closure}(Object(Illuminate\Http\Request))
#48 C:\xampp\htdocs\jobbrige\backend\vendor\laravel\framework\src\Illuminate\Pipeline\Pipeline.php(208): Illuminate\Http\Middleware\ValidatePathEncoding->handle(Object(Illuminate\Http\Request), Object(Closure))
#49 C:\xampp\htdocs\jobbrige\backend\vendor\laravel\framework\src\Illuminate\Pipeline\Pipeline.php(126): Illuminate\Pipeline\Pipeline->Illuminate\Pipeline\{closure}(Object(Illuminate\Http\Request))
#50 C:\xampp\htdocs\jobbrige\backend\vendor\laravel\framework\src\Illuminate\Foundation\Http\Kernel.php(175): Illuminate\Pipeline\Pipeline->then(Object(Closure))
#51 C:\xampp\htdocs\jobbrige\backend\vendor\laravel\framework\src\Illuminate\Foundation\Http\Kernel.php(144): Illuminate\Foundation\Http\Kernel->sendRequestThroughRouter(Object(Illuminate\Http\Request))
#52 C:\xampp\htdocs\jobbrige\backend\vendor\laravel\framework\src\Illuminate\Foundation\Application.php(1219): Illuminate\Foundation\Http\Kernel->handle(Object(Illuminate\Http\Request))
#53 C:\xampp\htdocs\jobbrige\backend\public\index.php(20): Illuminate\Foundation\Application->handleRequest(Object(Illuminate\Http\Request))
#54 {main}
Prueba de log alternativo
Prueba de log alternativo
Prueba de log alternativo
